[step2] cache hit: C:\Users\ЕРАСЫЛ\Desktop\diplom code\outputs\weather_extension\weather_raw.parquet
[step2] shape=(34704, 7)  tz=Europe/Paris  range=2006-12-15 23:00:00+01:00 -> 2010-11-30 22:00:00+01:00
[step2] head(3):
                           temperature_2m  ...  cloud_cover
timestamp                                  ...             
2006-12-15 23:00:00+01:00          5.3505  ...          1.0
2006-12-16 00:00:00+01:00          5.2505  ...          8.0
2006-12-16 01:00:00+01:00          5.0005  ...         63.0

[3 rows x 7 columns]
[step2] nulls per column:
{'temperature_2m': 0, 'relative_humidity_2m': 0, 'apparent_temperature': 0, 'precipitation': 0, 'wind_speed_10m': 0, 'shortwave_radiation': 0, 'cloud_cover': 0}
[step3] cache hit: C:\Users\ЕРАСЫЛ\Desktop\diplom code\outputs\weather_extension\hourly_merged.parquet
[step3] shape=(34157, 14)  range=2006-12-16 17:00:00+01:00 -> 2010-11-26 20:00:00+01:00
[step3] cols=['Global_active_power', 'Global_reactive_power', 'Voltage', 'Global_intensity', 'Sub_metering_1', 'Sub_metering_2', 'Sub_metering_3', 'temperature_2m', 'relative_humidity_2m', 'apparent_temperature', 'precipitation', 'wind_speed_10m', 'shortwave_radiation', 'cloud_cover']
[step3] head(3):
                           Global_active_power  ...  cloud_cover
timestamp                                       ...             
2006-12-16 17:00:00+01:00             4.222889  ...        100.0
2006-12-16 18:00:00+01:00             3.632200  ...        100.0
2006-12-16 19:00:00+01:00             3.400233  ...         90.0

[3 rows x 14 columns]
[step4] cache hit: C:\Users\ЕРАСЫЛ\Desktop\diplom code\outputs\weather_extension\features_weather.parquet
[step4] shape=(33989, 112)  features=111  (uci_lags=56, weather_lags=35, weather_now=7)
[step4] verification passed (range 2006-12-23 17:00:00+01:00 -> 2010-11-26 20:00:00+01:00)
[step5] boundaries: val_start=2009-09-15 19:00:00+01:00  test_start=2010-04-19 19:00:00+01:00
[step5] train=23792 val=5098 test=5099
[step5] train range: 2006-12-23 17:00:00+01:00 -> 2009-09-15 18:00:00+01:00
[step5] val   range: 2009-09-15 19:00:00+01:00 -> 2010-04-19 18:00:00+01:00
[step5] test  range: 2010-04-19 19:00:00+01:00 -> 2010-11-26 20:00:00+01:00
[step5] temperature_2m_now train mean = 11.338 C (Paris annual mean ~12 C: OK)
[step5] scaler n_features_in_ = 111
[step6] trained: best_iter=190 best_val_rmse=0.5059
[step6] full test (5099 rows):    {'RMSE': 0.43791514955147104, 'MAE': 0.29929816224461303, 'R2': 0.6193039958488938, 'MAPE': 38.95122246262717}
[step6] aligned (5075 rows): {'RMSE': 0.4383833602869814, 'MAE': 0.29947113832584193, 'R2': 0.6187008736901605, 'MAPE': 39.00171452736917}
[step6] ΔRMSE = -0.0018 (-0.41%)
[step6] ΔR²   = +0.0031 (+0.50%)
[step6] saved comparison.csv:
                              model  n_features     RMSE      MAE       R2      MAPE
     XGBoost (original 69 features)          69 0.440200 0.300800 0.615600 39.360000
XGBoost (with weather 111 features)         111 0.438383 0.299471 0.618701 39.001715
